[decorenterprise.com/index.html]
[cdn.jsdelivr.net/npm/owl.carousel@2.3.4/dist/assets/owl.carousel.min.css]
[cdn.jsdelivr.net/npm/owl.carousel@2.3.4/dist/assets/owl.theme.default.css]
[backblue.gif]
[fade.gif]
[index.html]
[decorenterprise.com/comments/feed/index.html]
[decorenterprise.com/feed/index.html]
[decorenterprise.com/wp-includes/js/jquery/jquery.minf43b.js]
[decorenterprise.com/wp-includes/js/jquery/jquery-migrate.min5589.js]
[decorenterprise.com/wp-content/themes/decor/assets/js/polyfillsa361.js]
[decorenterprise.com/wp-content/themes/decor/assets/js/primary-navigationa361.js]
[decorenterprise.com/wp-json/index.html]
[decorenterprise.com/wp-json/wp/v2/pages/9.json]
[decorenterprise.com/xmlrpc0db0.php]
[decorenterprise.com/wp-json/oembed/1.0/embed143d.json]
[decorenterprise.com/wp-json/oembed/1.0/embed375c]
[decorenterprise.com/wp-content/uploads/2024/07/cropped-decor-fav-icon192x192-32x32.png]
[decorenterprise.com/wp-content/uploads/2024/07/cropped-decor-fav-icon192x192-192x192.png]
[decorenterprise.com/wp-content/uploads/2024/07/cropped-decor-fav-icon192x192-180x180.png]
[decorenterprise.com/wp-content/plugins/add-search-to-menu/public/images/spinner.gif]
[decorenterprise.com/projects/index.html]
[decorenterprise.com/wp-content/uploads/2024/09/interior-falseceiling.webp]
[decorenterprise.com/about-us/index.html]
[decorenterprise.com/services/index.html]
[decorenterprise.com/wp-content/uploads/2024/09/living-room.webp]
[decorenterprise.com/plaster-of-paris-wall-punning/index.html]
[decorenterprise.com/interior-designer-kolkata/index.html]
[decorenterprise.com/wp-content/uploads/2024/07/1.png]
[decorenterprise.com/gypsum-false-ceiling-contractors-kolkata/index.html]
[decorenterprise.com/gypsum-cornice-design/index.html]
[decorenterprise.com/wp-content/uploads/2024/07/residential-false-ceiling.webp]
[decorenterprise.com/gypsum-board-partition/index.html]
[decorenterprise.com/wp-content/uploads/2024/07/ceiling.webp]
[decorenterprise.com/wall-panel-design/index.html]
[decorenterprise.com/false-ceiling-designs/index.html]
[decorenterprise.com/armstrong-false-ceiling/index.html]
[decorenterprise.com/wp-content/uploads/2024/07/false_ceiling_designs.webp]
[decorenterprise.com/electrical-wiring-painting-work/index.html]
[decorenterprise.com/modular-kitchen-in-kolkata/index.html]
[decorenterprise.com/wp-content/uploads/2024/07/interior_designer_in_kolkata.webp]
[decorenterprise.com/false-ceiling-design/index.html]
[decorenterprise.com/aerolite-calcium-silicate-false-ceiling-designs/index.html]
[decorenterprise.com/armstrong-false-ceiling-designs/index.html]
[decorenterprise.com/wp-content/uploads/2024/07/Wall-Panelling-featured.webp]
[decorenterprise.com/false-ceiling-for-bedroom/index.html]
[decorenterprise.com/gypsum-board-false-ceiling/index.html]
[decorenterprise.com/wp-content/uploads/2024/08/modular_kitchen_in_kolkata.webp]
[decorenterprise.com/hotel-false-ceiling/index.html]
[decorenterprise.com/gypsum-laminate-grid-false-ceiling/index.html]
[decorenterprise.com/industrial-false-ceiling/index.html]
[decorenterprise.com/wp-content/uploads/2024/07/electrical_wiring-decor.24.delayed]
[decorenterprise.com/metal-false-ceiling-design/index.html]
[decorenterprise.com/office-false-ceiling/index.html]
[decorenterprise.com/wp-content/uploads/2024/07/best_interior_designer_in_kolkata.webp]
[decorenterprise.com/pop-board-false-ceiling/index.html]
[decorenterprise.com/show-room-false-ceiling/index.html]
[decorenterprise.com/wp-content/uploads/2024/07/Armstrong-False-Ceiling.webp]
[decorenterprise.com/hilux-calcium-silicate-false-ceiling-partition/index.html]
[decorenterprise.com/banquet-false-ceiling/index.html]
[decorenterprise.com/product/index.html]
[decorenterprise.com/wp-content/uploads/2024/07/gypsum_board_partition.webp]
[decorenterprise.com/aerolite-calcium-silicate-board/index.html]
[decorenterprise.com/gypsum-board-joint-tap/index.html]
[decorenterprise.com/wp-content/uploads/2024/07/gypsum-false-ceiling.webp]
[decorenterprise.com/gypsum-scrow/index.html]
[decorenterprise.com/hilex-calcium-silicate-board/index.html]
[decorenterprise.com/plaster-of-paris/index.html]
[decorenterprise.com/wp-content/uploads/2024/07/Gypsum-Cornice-Design.webp]
[decorenterprise.com/square-grid-chanel/index.html]
[decorenterprise.com/structure-gi-chanel/index.html]
[decorenterprise.com/wp-content/themes/decor/images/discussion_and_planning.webp]
[decorenterprise.com/ultra-gypsum-chanel/index.html]
[decorenterprise.com/pvc-false-ceiling-board/index.html]
[decorenterprise.com/gallery/index.html]
[decorenterprise.com/wp-content/themes/decor/images/artwork_design.webp]
[decorenterprise.com/faq/index.html]
[decorenterprise.com/wp-content/themes/decor/images/hww3.png]
[decorenterprise.com/wp-content/themes/decor/images/hww4.png]
[decorenterprise.com/contact-us/index.html]
[decorenterprise.com/wp-content/uploads/2024/07/1-2.png]
[decorenterprise.com/wp-content/uploads/2024/07/2-1.png]
[decorenterprise.com/wp-content/uploads/2024/07/3-1.png]
[decorenterprise.com/wp-content/uploads/2024/07/4.png]
[decorenterprise.com/wp-content/uploads/2024/07/5.png]
[decorenterprise.com/wp-content/uploads/2024/07/6.png]
[decorenterprise.com/wp-content/uploads/2024/08/jayati-tata-pproject.webp]
[decorenterprise.com/jayati-ghosh-tata-housing-avinda/index.html]
[decorenterprise.com/wp-content/uploads/2024/08/gujtar-project.webp]
[decorenterprise.com/alok-solanki-interior-designing-project-in-gujrat/index.html]
[decorenterprise.com/wp-content/uploads/2024/08/ahmedabad-project-decor-enterprise.webp]
[decorenterprise.com/interior-designing-project-in-ahmedabad/index.html]
[decorenterprise.com/wp-content/uploads/2024/08/decor-interior-gujtar-project-4.webp]
[decorenterprise.com/false-ceiling-and-interior-designing-project-in-gujrat/index.html]
[decorenterprise.com/wp-content/uploads/2024/08/project-debotosh-9.webp]
[decorenterprise.com/project-for-debotosh-banerjee-kolkata/index.html]
[decorenterprise.com/wp-content/uploads/2024/09/no-image.webp]
[decorenterprise.com/wp-content/uploads/2024/10/unnamed.png]
[decorenterprise.com/wp-content/themes/decor/images/background-4.png]
[decorenterprise.com/wp-content/themes/decor/js/jquery.js]
[decorenterprise.com/wp-content/themes/decor/js/plugins.js]
[decorenterprise.com/wp-content/themes/decor/js/functions.js]
[cdn.jsdelivr.net/npm/owl.carousel@2.3.4/dist/owl.carousel.min.js]
[decorenterprise.com/wp-content/themes/decor/js/custom.js]
[decorenterprise.com/Trident/index.html]
[decorenterprise.com/wp-content/plugins/chaty/js/cht-front-script.mine268.js]
[decorenterprise.com/wp-content/plugins/chaty/admin/assets/js/mailcheck3d36.js]
[decorenterprise.com/wp-includes/js/dist/hooks.min2757.js]
[decorenterprise.com/wp-includes/js/dist/i18n.minc33c.js]
[decorenterprise.com/wp-content/plugins/contact-form-7/includes/swv/js/indexf049.js]
[decorenterprise.com/wp-content/plugins/contact-form-7/includes/js/indexf049.js]
[decorenterprise.com/wp-content/themes/decor/assets/js/responsive-embedsa361.js]
[decorenterprise.com/wp-content/plugins/add-search-to-menu/public/js/ivory-search.min234e.js]
[decorenterprise.com/wp-content/plugins/add-search-to-menu/public/js/ivory-ajax-search.min234e.js]
[decorenterprise.com/index.html]
[decorenterprise.com/wp-json/wp/v2/pages/66.json]
[decorenterprise.com/wp-json/oembed/1.0/embed3550.json]
[decorenterprise.com/wp-json/oembed/1.0/embed1645]
[decorenterprise.com/wp-content/uploads/2024/07/Plaster-of-Paris-False-Ceiling-Designing.webp]
[decorenterprise.com/projects/index.html]
[decorenterprise.com/wp-content/uploads/2024/09/about-decor-enterprise.webp]
[decorenterprise.com/projects/Trident/index.html]
[decorenterprise.com/plaster-of-paris-false-ceiling-designing/index.html]
[decorenterprise.com/wp-json/wp/v2/pages/59.json]
[decorenterprise.com/wp-json/oembed/1.0/embed47ff.json]
[decorenterprise.com/wp-json/oembed/1.0/embed7bca]
[decorenterprise.com/about-us/index.html]
[decorenterprise.com/about-us/Trident/index.html]
[decorenterprise.com/gypsum-board-partition-design/index.html]
[decorenterprise.com/wp-json/wp/v2/pages/61.json]
[decorenterprise.com/wp-json/oembed/1.0/embed8f8b.json]
[decorenterprise.com/wp-json/oembed/1.0/embedca1c]
[decorenterprise.com/services/index.html]
[decorenterprise.com/wp-json/wp/v2/service/213.json]
[decorenterprise.com/services/Trident/index.html]
[decorenterprise.com/plaster-of-paris-wall-punning/index.html]
[decorenterprise.com/wp-json/wp/v2/service/231.json]
[decorenterprise.com/plaster-of-paris-wall-punning/Trident/index.html]
[decorenterprise.com/wp-content/uploads/2024/07/interior-1.webp]
[decorenterprise.com/wp-content/uploads/2024/07/interior-2.webp]
[decorenterprise.com/wp-content/uploads/2024/07/interior-3.webp]
[decorenterprise.com/wp-content/uploads/2024/07/interior-4.webp]
[decorenterprise.com/wp-content/uploads/2024/07/interior-5.webp]
[decorenterprise.com/wp-content/uploads/2024/07/interior-6.webp]
[decorenterprise.com/wp-content/uploads/2024/07/interior-7.webp]
[decorenterprise.com/wp-content/uploads/2024/07/interior-8.webp]
[decorenterprise.com/wp-content/uploads/2024/07/interior-9.webp]
[decorenterprise.com/wp-content/uploads/2024/07/interior-10.webp]
[decorenterprise.com/wp-content/uploads/2024/07/interior-12.webp]
[decorenterprise.com/wp-content/uploads/2024/07/interior-11.webp]
[decorenterprise.com/interior-designer-kolkata/index.html]
[decorenterprise.com/wp-json/wp/v2/service/230.json]
[decorenterprise.com/interior-designer-kolkata/Trident/index.html]
[decorenterprise.com/gypsum-false-ceiling-contractors-kolkata/index.html]
[decorenterprise.com/wp-json/wp/v2/service/226.json]
[decorenterprise.com/gypsum-false-ceiling-contractors-kolkata/Trident/index.html]
[decorenterprise.com/gypsum-cornice-design/index.html]
[decorenterprise.com/wp-json/wp/v2/service/225.json]
[decorenterprise.com/gypsum-cornice-design/Trident/index.html]
[decorenterprise.com/gypsum-board-partition/index.html]
[decorenterprise.com/wp-json/wp/v2/service/227.json]
[decorenterprise.com/gypsum-board-partition/Trident/index.html]
[decorenterprise.com/wp-content/uploads/2024/07/Wall-Panelling-22.webp]
[decorenterprise.com/wp-content/uploads/2024/07/Wall-Panelling-21.webp]
[decorenterprise.com/wp-content/uploads/2024/07/Wall-Panelling-20.webp]
[decorenterprise.com/wp-content/uploads/2024/07/Wall-Panelling-19.webp]
[decorenterprise.com/wp-content/uploads/2024/07/Wall-Panelling-18.webp]
[decorenterprise.com/wp-content/uploads/2024/07/Wall-Panelling-17.webp]
[decorenterprise.com/wp-content/uploads/2024/07/Wall-Panelling-16.webp]
[decorenterprise.com/wp-content/uploads/2024/07/Wall-Panelling-15.webp]
[decorenterprise.com/wp-content/uploads/2024/07/Wall-Panelling-14.webp]
[decorenterprise.com/wp-content/uploads/2024/07/Wall-Panelling-13.webp]
[decorenterprise.com/wp-content/uploads/2024/07/Wall-Panelling-12.webp]
[decorenterprise.com/wp-content/uploads/2024/07/Wall-Panelling-11.webp]
[decorenterprise.com/wp-content/uploads/2024/07/Wall-Panelling-10.webp]
[decorenterprise.com/wp-content/uploads/2024/07/Wall-Panelling-9.webp]
[decorenterprise.com/wp-content/uploads/2024/07/Wall-Panelling-8.webp]
[decorenterprise.com/wp-content/uploads/2024/07/Wall-Panelling-7.webp]
[decorenterprise.com/wp-content/uploads/2024/07/Wall-Panelling-6.webp]
[decorenterprise.com/wp-content/uploads/2024/07/Wall-Panelling-5.webp]
[decorenterprise.com/wp-content/uploads/2024/07/Wall-Panelling-4.webp]
[decorenterprise.com/wp-content/uploads/2024/07/Wall-Panelling-3.webp]
[decorenterprise.com/wp-content/uploads/2024/07/Wall-Panelling-2.webp]
[decorenterprise.com/wp-content/uploads/2024/07/Wall-Panelling-1.webp]
[decorenterprise.com/wall-panel-design/index.html]
[decorenterprise.com/wp-json/wp/v2/service/224.json]
[decorenterprise.com/wall-panel-design/Trident/index.html]
[decorenterprise.com/wp-content/uploads/2024/07/false-ceiling-gallery-1.webp]
[decorenterprise.com/wp-content/uploads/2024/07/false-ceiling-design-gallery-7.webp]
[decorenterprise.com/wp-content/uploads/2024/07/false-ceiling-design-gallery-6.webp]
[decorenterprise.com/wp-content/uploads/2024/07/false-ceiling-design-gallery-5.webp]
[decorenterprise.com/wp-content/uploads/2024/07/false-ceiling-design-gallery-4.webp]
[decorenterprise.com/wp-content/uploads/2024/07/false-ceiling-design-gallery-3.webp]
[decorenterprise.com/wp-content/uploads/2024/07/false-ceiling-design-gallery-2.webp]
[decorenterprise.com/false-ceiling-designs/index.html]
[decorenterprise.com/wp-json/wp/v2/service/221.json]
[decorenterprise.com/false-ceiling-designs/Trident/index.html]
[decorenterprise.com/armstrong-false-ceiling/index.html]
[decorenterprise.com/wp-json/wp/v2/service/217.json]
[decorenterprise.com/armstrong-false-ceiling/Trident/index.html]
[decorenterprise.com/electrical-wiring-painting-work/index.html]
[decorenterprise.com/wp-json/wp/v2/service/405.json]
[decorenterprise.com/electrical-wiring-painting-work/Trident/index.html]
[decorenterprise.com/wp-content/uploads/2024/08/modular-kitchen-2.webp]
[decorenterprise.com/wp-content/uploads/2024/08/modular-kitchen.webp]
[decorenterprise.com/wp-content/uploads/2024/08/modular-kitchen-14.webp]
[decorenterprise.com/wp-content/uploads/2024/08/modular-kitchen-13.webp]
[decorenterprise.com/wp-content/uploads/2024/08/modular-kitchen-12.webp]
[decorenterprise.com/wp-content/uploads/2024/08/modular-kitchen-11.webp]
[decorenterprise.com/wp-content/uploads/2024/08/modular-kitchen-2-1.webp]
[decorenterprise.com/wp-content/uploads/2024/08/modular-kitchen-1.webp]
[decorenterprise.com/modular-kitchen-in-kolkata/index.html]
[decorenterprise.com/wp-content/uploads/2024/09/Armstrong-False-Ceiling-Designs.webp]
[decorenterprise.com/modular-kitchen-in-kolkata/Trident/index.html]
[decorenterprise.com/wp-json/wp/v2/pages/254.json]
[decorenterprise.com/wp-json/oembed/1.0/embed19cb.json]
[decorenterprise.com/wp-json/oembed/1.0/embed9fa6]
[decorenterprise.com/false-ceiling-design/index.html]
[decorenterprise.com/wp-content/uploads/2024/09/Aerolite-Calcium-Silicate-False-Ceiling.webp]
[decorenterprise.com/false-ceiling-design/Trident/index.html]
[decorenterprise.com/wp-json/wp/v2/pages/314.json]
[decorenterprise.com/wp-json/oembed/1.0/embed340f.json]
[decorenterprise.com/wp-json/oembed/1.0/embed36f0]
[decorenterprise.com/aerolite-calcium-silicate-false-ceiling-designs/index.html]
[decorenterprise.com/wp-json/wp/v2/pages/384.json]
[decorenterprise.com/aerolite-calcium-silicate-false-ceiling-designs/Trident/index.html]
[decorenterprise.com/wp-json/oembed/1.0/embed7a3a.json]
[decorenterprise.com/wp-json/oembed/1.0/embed8555]
[decorenterprise.com/armstrong-false-ceiling-designs/index.html]
[decorenterprise.com/armstrong-board-false-ceiling/index.html]
[decorenterprise.com/armstrong-false-ceiling-designs/Trident/index.html]
[decorenterprise.com/wp-content/uploads/2024/09/bedroom-false-ceiling.webp]
[decorenterprise.com/wp-json/wp/v2/pages/258.json]
[decorenterprise.com/wp-json/oembed/1.0/embeda89a.json]
[decorenterprise.com/wp-json/oembed/1.0/embeded1f]
[decorenterprise.com/false-ceiling-for-bedroom/index.html]
[decorenterprise.com/wp-content/uploads/2024/09/gypsum-board-false-ceiling.webp]
[decorenterprise.com/false-ceiling-for-bedroom/Trident/index.html]
[decorenterprise.com/wp-json/wp/v2/pages/280.json]
[decorenterprise.com/wp-json/oembed/1.0/embed6406.json]
[decorenterprise.com/wp-json/oembed/1.0/embed35e8]
[decorenterprise.com/gypsum-board-false-ceiling/index.html]
[decorenterprise.com/wp-content/uploads/2024/09/grid-false-ceiling.webp]
[decorenterprise.com/gypsum-board-false-ceiling/Trident/index.html]
[decorenterprise.com/wp-json/wp/v2/pages/319.json]
[decorenterprise.com/wp-json/oembed/1.0/embed353c.json]
[decorenterprise.com/wp-json/oembed/1.0/embed6118]
[decorenterprise.com/gypsum-laminate-grid-false-ceiling/index.html]
[decorenterprise.com/gypsum-laminate-grid-false-ceiling/Trident/index.html]
[decorenterprise.com/wp-content/uploads/2024/09/hotel-false-ceiling.webp]
[decorenterprise.com/wp-json/wp/v2/pages/268.json]
[decorenterprise.com/wp-json/oembed/1.0/embedfc8d.json]
[decorenterprise.com/wp-json/oembed/1.0/embed6dd9]
[decorenterprise.com/hotel-false-ceiling/index.html]
[decorenterprise.com/wp-content/uploads/2024/09/industrial-false-ceiling.webp]
[decorenterprise.com/hotel-false-ceiling/Trident/index.html]
[decorenterprise.com/wp-json/wp/v2/pages/274.json]
[decorenterprise.com/wp-json/oembed/1.0/embede4e0.json]
[decorenterprise.com/wp-json/oembed/1.0/embed6063]
[decorenterprise.com/industrial-false-ceiling/index.html]
[decorenterprise.com/wp-content/uploads/2024/09/metal-false-ceiling.webp]
[decorenterprise.com/industrial-false-ceiling/Trident/index.html]
[decorenterprise.com/wp-json/wp/v2/pages/322.json]
[decorenterprise.com/wp-json/oembed/1.0/embed52d4.json]
[decorenterprise.com/wp-json/oembed/1.0/embed59e9]
[decorenterprise.com/metal-false-ceiling-design/index.html]
[decorenterprise.com/false-ceiling-design-bedroom/index.html]
[decorenterprise.com/metal-false-ceiling-design/Trident/index.html]
[decorenterprise.com/wp-content/uploads/2024/09/office-false-ceiling.webp]
[decorenterprise.com/wp-json/wp/v2/pages/262.json]
[decorenterprise.com/wp-json/oembed/1.0/embedbfc2.json]
[decorenterprise.com/wp-json/oembed/1.0/embedcbd5]
[decorenterprise.com/office-false-ceiling/index.html]
[decorenterprise.com/wp-content/uploads/2024/09/pop-false-ceiling.webp]
[decorenterprise.com/office-false-ceiling/Trident/index.html]
[decorenterprise.com/wp-json/wp/v2/pages/283.json]
[decorenterprise.com/wp-json/oembed/1.0/embeda6a2.json]
[decorenterprise.com/wp-json/oembed/1.0/embedaa10]
[decorenterprise.com/pop-board-false-ceiling/index.html]
[decorenterprise.com/pop-false-ceiling-contractor/index.html]
[decorenterprise.com/pop-board-false-ceiling/Trident/index.html]
[decorenterprise.com/wp-content/uploads/2024/09/showroom-false-ceiling.webp]
[decorenterprise.com/wp-json/wp/v2/pages/265.json]
[decorenterprise.com/wp-json/oembed/1.0/embed64ab.json]
[decorenterprise.com/wp-json/oembed/1.0/embed45d8]
[decorenterprise.com/show-room-false-ceiling/index.html]
[decorenterprise.com/wp-content/uploads/2024/09/false-ceiling.webp]
[decorenterprise.com/show-room-false-ceiling/Trident/index.html]
[decorenterprise.com/wp-json/wp/v2/pages/326.json]
[decorenterprise.com/wp-json/oembed/1.0/embedfbef.json]
[decorenterprise.com/wp-json/oembed/1.0/embedfae4]
[decorenterprise.com/hilux-calcium-silicate-false-ceiling-partition/index.html]
[decorenterprise.com/wp-content/uploads/2024/09/banquet.webp]
[decorenterprise.com/hilux-calcium-silicate-false-ceiling-partition/Trident/index.html]
[decorenterprise.com/wp-json/wp/v2/pages/271.json]
[decorenterprise.com/wp-json/oembed/1.0/embed050f.json]
[decorenterprise.com/wp-json/oembed/1.0/embede1a7]
[decorenterprise.com/banquet-false-ceiling/index.html]
[decorenterprise.com/wp-content/uploads/2024/07/decor-inner-banner-2.webp]
[decorenterprise.com/banquet-false-ceiling/Trident/index.html]
[decorenterprise.com/wp-json/wp/v2/pages/232.json]
[decorenterprise.com/wp-json/oembed/1.0/embed7a61.json]
[decorenterprise.com/wp-json/oembed/1.0/embed7af9]
[decorenterprise.com/product/index.html]
[decorenterprise.com/wp-content/uploads/2024/09/Aerolite-Calcium-Silicate.webp]
[decorenterprise.com/product/Trident/index.html]
[decorenterprise.com/wp-json/wp/v2/pages/298.json]
[decorenterprise.com/wp-json/oembed/1.0/embed5647.json]
[decorenterprise.com/wp-json/oembed/1.0/embed760d]
[decorenterprise.com/aerolite-calcium-silicate-board/index.html]
[decorenterprise.com/wp-json/wp/v2/pages/310.json]
[decorenterprise.com/aerolite-calcium-silicate-board/Trident/index.html]
[decorenterprise.com/wp-json/oembed/1.0/embed4bbb.json]
[decorenterprise.com/wp-json/oembed/1.0/embedc13f]
[decorenterprise.com/gypsum-board-joint-tap/index.html]
[decorenterprise.com/wp-json/wp/v2/pages/307.json]
[decorenterprise.com/gypsum-board-joint-tap/Trident/index.html]
[decorenterprise.com/wp-json/oembed/1.0/embed5b9c.json]
[decorenterprise.com/wp-json/oembed/1.0/embed7354]
[decorenterprise.com/gypsum-scrow/index.html]
[decorenterprise.com/wp-content/uploads/2024/09/hilex-calcium-silicate-board.webp]
[decorenterprise.com/gypsum-scrow/Trident/index.html]
[decorenterprise.com/wp-json/wp/v2/pages/304.json]
[decorenterprise.com/wp-json/oembed/1.0/embed6c4a.json]
[decorenterprise.com/wp-json/oembed/1.0/embed1c23]
[decorenterprise.com/hilex-calcium-silicate-board/index.html]
[decorenterprise.com/wp-content/uploads/2024/09/plaster-of-paris.webp]
[decorenterprise.com/hilex-calcium-silicate-board/Trident/index.html]
[decorenterprise.com/wp-json/wp/v2/pages/286.json]
[decorenterprise.com/wp-json/oembed/1.0/embed8566.json]
[decorenterprise.com/wp-json/oembed/1.0/embede024]
[decorenterprise.com/plaster-of-paris/index.html]
[decorenterprise.com/wp-content/uploads/2024/07/inner-banner.webp]
[decorenterprise.com/plaster-of-paris/Trident/index.html]
[decorenterprise.com/wp-json/wp/v2/pages/295.json]
[decorenterprise.com/wp-json/oembed/1.0/embed77af.json]
[decorenterprise.com/wp-json/oembed/1.0/embeda599]
[decorenterprise.com/square-grid-chanel/index.html]
[decorenterprise.com/wp-json/wp/v2/pages/292.json]
[decorenterprise.com/square-grid-chanel/Trident/index.html]
[decorenterprise.com/wp-json/oembed/1.0/embed29df.json]
[decorenterprise.com/wp-json/oembed/1.0/embed3431]
[decorenterprise.com/structure-gi-chanel/index.html]
[decorenterprise.com/wp-json/wp/v2/pages/289.json]
[decorenterprise.com/structure-gi-chanel/Trident/index.html]
[decorenterprise.com/wp-json/oembed/1.0/embed366e.json]
[decorenterprise.com/wp-json/oembed/1.0/embed9044]
[decorenterprise.com/ultra-gypsum-chanel/index.html]
[decorenterprise.com/wp-json/wp/v2/pages/301.json]
[decorenterprise.com/ultra-gypsum-chanel/Trident/index.html]
[decorenterprise.com/wp-json/oembed/1.0/embed0369.json]
[decorenterprise.com/wp-json/oembed/1.0/embedb918]
[decorenterprise.com/pvc-false-ceiling-board/index.html]
[decorenterprise.com/pvc-false-ceiling-board/Trident/index.html]
[decorenterprise.com/wp-content/plugins/nextgen-gallery/static/Legacy/ajax.min6632.js]
[decorenterprise.com/wp-content/plugins/nextgen-gallery/static/FontAwesome/js/v4-shims.min7923.js]
[decorenterprise.com/wp-content/plugins/nextgen-gallery/static/FontAwesome/js/all.min7923.js]
[decorenterprise.com/wp-content/plugins/nextgen-gallery/static/Thumbnails/nextgen_basic_thumbnails6632.js]
[decorenterprise.com/wp-content/plugins/nextgen-gallery/static/Thumbnails/ajax_pagination6632.js]
[decorenterprise.com/wp-json/wp/v2/pages/80.json]
[decorenterprise.com/wp-json/oembed/1.0/embed96c7.json]
[decorenterprise.com/wp-json/oembed/1.0/embedae27]
[decorenterprise.com/wp-content/gallery/gallery/details.png]
[decorenterprise.com/wp-content/gallery/gallery/thumbs/thumbs-details.png]
[decorenterprise.com/wp-content/gallery/gallery/6.png]
[decorenterprise.com/wp-content/gallery/gallery/thumbs/thumbs-6.png]
[decorenterprise.com/wp-content/gallery/gallery/1-2.png]
[decorenterprise.com/wp-content/gallery/gallery/thumbs/thumbs-1-2.png]
[decorenterprise.com/wp-content/gallery/gallery/2-1.png]
[decorenterprise.com/wp-content/gallery/gallery/thumbs/thumbs-2-1.png]
[decorenterprise.com/wp-content/gallery/gallery/5.png]
[decorenterprise.com/wp-content/gallery/gallery/thumbs/thumbs-5.png]
[decorenterprise.com/wp-content/gallery/gallery/decor-interior-gujrat-4.jpg]
[decorenterprise.com/wp-content/gallery/gallery/thumbs/thumbs-decor-interior-gujrat-4.jpg]
[decorenterprise.com/wp-content/gallery/gallery/decor-interior-gujrat-5.jpg]
[decorenterprise.com/wp-content/gallery/gallery/thumbs/thumbs-decor-interior-gujrat-5.jpg]
[decorenterprise.com/wp-content/gallery/gallery/decor-interior-gujrat-6.jpg]
[decorenterprise.com/wp-content/gallery/gallery/thumbs/thumbs-decor-interior-gujrat-6.jpg]
[decorenterprise.com/wp-content/gallery/gallery/decor-interior-gujrat-3.jpg]
[decorenterprise.com/wp-content/gallery/gallery/thumbs/thumbs-decor-interior-gujrat-3.jpg]
[decorenterprise.com/wp-content/gallery/gallery/decor-interior-gujrat-1.jpg]
[decorenterprise.com/wp-content/gallery/gallery/thumbs/thumbs-decor-interior-gujrat-1.jpg]
[decorenterprise.com/wp-content/gallery/gallery/decor-interior-gujrat-2.jpg]
[decorenterprise.com/wp-content/gallery/gallery/thumbs/thumbs-decor-interior-gujrat-2.jpg]
[decorenterprise.com/wp-content/gallery/gallery/decor-interior-gujrat-7.jpg]
[decorenterprise.com/wp-content/gallery/gallery/thumbs/thumbs-decor-interior-gujrat-7.jpg]
[decorenterprise.com/wp-content/gallery/gallery/decor-interior-gujrat-10.webp.jpg]
[decorenterprise.com/wp-content/gallery/gallery/thumbs/thumbs-decor-interior-gujrat-10.webp.jpg]
[decorenterprise.com/wp-content/gallery/gallery/decor-interior-gujrat-9.webp.jpg]
[decorenterprise.com/wp-content/gallery/gallery/thumbs/thumbs-decor-interior-gujrat-9.webp.jpg]
[decorenterprise.com/wp-content/gallery/gallery/decor-interior-gujrat-11.webp.jpg]
[decorenterprise.com/wp-content/gallery/gallery/thumbs/thumbs-decor-interior-gujrat-11.webp.jpg]
[decorenterprise.com/wp-content/gallery/gallery/decor-interior-gujrat-12.webp.jpg]
[decorenterprise.com/wp-content/gallery/gallery/thumbs/thumbs-decor-interior-gujrat-12.webp.jpg]
[decorenterprise.com/wp-content/gallery/gallery/decor-interior-gujrat-8.webp.jpg]
[decorenterprise.com/wp-content/gallery/gallery/thumbs/thumbs-decor-interior-gujrat-8.webp.jpg]
[decorenterprise.com/wp-content/gallery/gallery/decor-interior-gujrat-13.webp.jpg]
[decorenterprise.com/wp-content/gallery/gallery/thumbs/thumbs-decor-interior-gujrat-13.webp.jpg]
[decorenterprise.com/wp-content/gallery/gallery/decor-interior-gujrat-14.webp.jpg]
[decorenterprise.com/wp-content/gallery/gallery/thumbs/thumbs-decor-interior-gujrat-14.webp.jpg]
[decorenterprise.com/wp-content/gallery/gallery/decor-interior-jayati-1.jpg]
[decorenterprise.com/wp-content/gallery/gallery/thumbs/thumbs-decor-interior-jayati-1.jpg]
[decorenterprise.com/wp-content/gallery/gallery/decor-interior-jayati-3.jpg]
[decorenterprise.com/wp-content/gallery/gallery/thumbs/thumbs-decor-interior-jayati-3.jpg]
[decorenterprise.com/wp-content/gallery/gallery/decor-interior-jayati-2.jpg]
[decorenterprise.com/wp-content/gallery/gallery/thumbs/thumbs-decor-interior-jayati-2.jpg]
[decorenterprise.com/wp-content/gallery/gallery/decor-interior-jayati-4.jpg]
[decorenterprise.com/wp-content/gallery/gallery/thumbs/thumbs-decor-interior-jayati-4.jpg]
[decorenterprise.com/wp-content/gallery/gallery/decor-interior-jayati-5.jpg]
[decorenterprise.com/wp-content/gallery/gallery/thumbs/thumbs-decor-interior-jayati-5.jpg]
[decorenterprise.com/wp-content/gallery/gallery/decor-interior-jayati-6.jpg]
[decorenterprise.com/wp-content/gallery/gallery/thumbs/thumbs-decor-interior-jayati-6.jpg]
[decorenterprise.com/wp-content/gallery/gallery/decor-interior-jayati-9.jpg]
[decorenterprise.com/wp-content/gallery/gallery/thumbs/thumbs-decor-interior-jayati-9.jpg]
[decorenterprise.com/wp-content/gallery/gallery/decor-interior-jayati-12.jpg]
[decorenterprise.com/wp-content/gallery/gallery/thumbs/thumbs-decor-interior-jayati-12.jpg]
[decorenterprise.com/wp-content/gallery/gallery/decor-interior-jayati-11.jpg]
[decorenterprise.com/wp-content/gallery/gallery/thumbs/thumbs-decor-interior-jayati-11.jpg]
[decorenterprise.com/wp-content/gallery/gallery/decor-interior-jayati-10.jpg]
[decorenterprise.com/wp-content/gallery/gallery/thumbs/thumbs-decor-interior-jayati-10.jpg]
[decorenterprise.com/wp-content/gallery/gallery/decor-interior-jayati-13.jpg]
[decorenterprise.com/wp-content/gallery/gallery/thumbs/thumbs-decor-interior-jayati-13.jpg]
[decorenterprise.com/wp-content/gallery/gallery/decor-interior-jayati-7.jpg]
[decorenterprise.com/wp-content/gallery/gallery/thumbs/thumbs-decor-interior-jayati-7.jpg]
[decorenterprise.com/wp-content/gallery/gallery/decor-interior-jayati-8.jpg]
[decorenterprise.com/wp-content/gallery/gallery/thumbs/thumbs-decor-interior-jayati-8.jpg]
[decorenterprise.com/wp-content/gallery/gallery/1_decor-interior-jayati-13.jpg]
[decorenterprise.com/wp-content/gallery/gallery/thumbs/thumbs-1_decor-interior-jayati-13.jpg]
[decorenterprise.com/wp-content/gallery/gallery/decor-interior-jayati-14.jpg]
[decorenterprise.com/wp-content/gallery/gallery/thumbs/thumbs-decor-interior-jayati-14.jpg]
[decorenterprise.com/wp-content/gallery/gallery/decor-interior-jayati-15.jpg]
[decorenterprise.com/wp-content/gallery/gallery/thumbs/thumbs-decor-interior-jayati-15.jpg]
[decorenterprise.com/wp-content/gallery/gallery/decor-interior-jayati-16.jpg]
[decorenterprise.com/wp-content/gallery/gallery/thumbs/thumbs-decor-interior-jayati-16.jpg]
[decorenterprise.com/wp-content/gallery/gallery/img15.jpg]
[decorenterprise.com/wp-content/gallery/gallery/thumbs/thumbs-img15.jpg]
[decorenterprise.com/wp-content/gallery/gallery/interior-3.webp]
[decorenterprise.com/wp-content/gallery/gallery/thumbs/thumbs-interior-3.webp]
[decorenterprise.com/wp-content/gallery/gallery/interior-5.webp]
[decorenterprise.com/wp-content/gallery/gallery/thumbs/thumbs-interior-5.webp]
[decorenterprise.com/wp-content/gallery/gallery/interior-6.webp]
[decorenterprise.com/wp-content/gallery/gallery/thumbs/thumbs-interior-6.webp]
[decorenterprise.com/wp-content/gallery/gallery/interior-2.webp]
[decorenterprise.com/wp-content/gallery/gallery/thumbs/thumbs-interior-2.webp]
[decorenterprise.com/wp-content/gallery/gallery/interior-4.webp]
[decorenterprise.com/wp-content/gallery/gallery/thumbs/thumbs-interior-4.webp]
[decorenterprise.com/wp-content/gallery/gallery/interior-1.webp]
[decorenterprise.com/wp-content/gallery/gallery/thumbs/thumbs-interior-1.webp]
[decorenterprise.com/wp-content/gallery/gallery/interior-7.webp]
[decorenterprise.com/wp-content/gallery/gallery/thumbs/thumbs-interior-7.webp]
[decorenterprise.com/wp-content/gallery/gallery/interior-8.webp]
[decorenterprise.com/wp-content/gallery/gallery/thumbs/thumbs-interior-8.webp]
[decorenterprise.com/wp-content/gallery/gallery/interior-9.webp]
[decorenterprise.com/wp-content/gallery/gallery/thumbs/thumbs-interior-9.webp]
[decorenterprise.com/wp-content/gallery/gallery/interior-10.webp]
[decorenterprise.com/wp-content/gallery/gallery/thumbs/thumbs-interior-10.webp]
[decorenterprise.com/wp-content/gallery/gallery/decor-interior-gujtar-project-5.jpg]
[decorenterprise.com/wp-content/gallery/gallery/thumbs/thumbs-decor-interior-gujtar-project-5.jpg]
[decorenterprise.com/wp-content/gallery/gallery/decor-interior-gujtar-project-6.jpg]
[decorenterprise.com/wp-content/gallery/gallery/thumbs/thumbs-decor-interior-gujtar-project-6.jpg]
[decorenterprise.com/wp-content/gallery/gallery/decor-interior-gujtar-project-3.jpg]
[decorenterprise.com/wp-content/gallery/gallery/thumbs/thumbs-decor-interior-gujtar-project-3.jpg]
[decorenterprise.com/wp-content/gallery/gallery/decor-interior-gujtar-project-2.jpg]
[decorenterprise.com/wp-content/gallery/gallery/thumbs/thumbs-decor-interior-gujtar-project-2.jpg]
[decorenterprise.com/wp-content/gallery/gallery/decor-interior-gujtar-project-4.jpg]
[decorenterprise.com/wp-content/gallery/gallery/thumbs/thumbs-decor-interior-gujtar-project-4.jpg]
[decorenterprise.com/wp-content/gallery/gallery/decor-interior-gujtar-project-1.jpg]
[decorenterprise.com/wp-content/gallery/gallery/thumbs/thumbs-decor-interior-gujtar-project-1.jpg]
[decorenterprise.com/wp-content/gallery/gallery/decor-interior-gujtar-project-7.jpg]
[decorenterprise.com/wp-content/gallery/gallery/thumbs/thumbs-decor-interior-gujtar-project-7.jpg]
[decorenterprise.com/wp-content/gallery/gallery/decor-interior-gujtar-project-8.jpg]
[decorenterprise.com/wp-content/gallery/gallery/thumbs/thumbs-decor-interior-gujtar-project-8.jpg]
[decorenterprise.com/wp-content/plugins/nextgen-gallery/static/GalleryDisplay/common6632.js]
[decorenterprise.com/gallery/Trident/index.html]
[decorenterprise.com/wp-content/plugins/nextgen-gallery/static/Lightbox/lightbox_context6632.js]
[decorenterprise.com/wp-content/plugins/nextgen-gallery/static/Lightbox/simplelightbox/simple-lightbox6632.js]
[decorenterprise.com/wp-content/plugins/nextgen-gallery/static/Lightbox/simplelightbox/nextgen_simple_lightbox_init6632.js]
[decorenterprise.com/gallery/index.html]
[decorenterprise.com/wp-content/uploads/2024/09/faq-banner-2.webp]
[decorenterprise.com/wp-json/wp/v2/pages/393.json]
[decorenterprise.com/wp-json/oembed/1.0/embed9341.json]
[decorenterprise.com/wp-json/oembed/1.0/embed4383]
[decorenterprise.com/faq/index.html]
[decorenterprise.com/wp-json/wp/v2/pages/69.json]
[decorenterprise.com/faq/Trident/index.html]
[decorenterprise.com/wp-json/oembed/1.0/embed093c.json]
[decorenterprise.com/wp-json/oembed/1.0/embedbef5]
[decorenterprise.com/contact-us/index.html]
[decorenterprise.com/wp-json/wp/v2/project/329.json]
[decorenterprise.com/wp-content/uploads/2024/08/decor-interior-jayati-6.jpg]
[decorenterprise.com/wp-content/uploads/2024/08/decor-interior-jayati-5.jpg]
[decorenterprise.com/contact-us/Trident/index.html]
[decorenterprise.com/wp-content/uploads/2024/08/decor-interior-jayati-4.jpg]
[decorenterprise.com/wp-content/uploads/2024/08/decor-interior-jayati-3.jpg]
[decorenterprise.com/wp-content/uploads/2024/08/decor-interior-jayati-1.jpg]
[decorenterprise.com/wp-content/uploads/2024/08/decor-interior-jayati-2.jpg]
[decorenterprise.com/wp-content/uploads/2024/08/decor-interior-jayati-7.jpg]
[decorenterprise.com/wp-content/uploads/2024/08/decor-interior-jayati-8.jpg]
[decorenterprise.com/wp-content/uploads/2024/08/decor-interior-jayati-9.jpg]
[decorenterprise.com/wp-content/uploads/2024/08/decor-interior-jayati-10.jpg]
[decorenterprise.com/wp-content/uploads/2024/08/decor-interior-jayati-11.jpg]
[decorenterprise.com/wp-content/uploads/2024/08/decor-interior-jayati-12.jpg]
[decorenterprise.com/wp-content/uploads/2024/08/decor-interior-jayati-13.jpg]
[decorenterprise.com/wp-content/uploads/2024/08/decor-interior-jayati-13-1.jpg]
[decorenterprise.com/wp-content/uploads/2024/08/decor-interior-jayati-14.jpg]
[decorenterprise.com/wp-content/uploads/2024/08/decor-interior-jayati-15.jpg]
[decorenterprise.com/wp-content/uploads/2024/08/decor-interior-jayati-16.jpg]
[decorenterprise.com/wp-content/uploads/2024/08/decor-interior-jayati-17.jpg]
[decorenterprise.com/jayati-ghosh-tata-housing-avinda/index.html]
[decorenterprise.com/wp-json/wp/v2/project/349.json]
[decorenterprise.com/jayati-ghosh-tata-housing-avinda/Trident/index.html]
[decorenterprise.com/wp-content/uploads/2024/08/decor-interior-gujrat-1.webp]
[decorenterprise.com/wp-content/uploads/2024/08/decor-interior-gujrat-3.webp]
[decorenterprise.com/wp-content/uploads/2024/08/decor-interior-gujrat-4.webp]
[decorenterprise.com/wp-content/uploads/2024/08/decor-interior-gujrat-5.webp]
[decorenterprise.com/wp-content/uploads/2024/08/decor-interior-gujrat-6.webp]
[decorenterprise.com/wp-content/uploads/2024/08/decor-interior-gujrat-7.webp]
[decorenterprise.com/wp-content/uploads/2024/08/decor-interior-gujrat-8.webp.webp]
[decorenterprise.com/wp-content/uploads/2024/08/decor-interior-gujrat-9.webp.webp]
[decorenterprise.com/wp-content/uploads/2024/08/decor-interior-gujrat-10.webp.webp]
[decorenterprise.com/wp-content/uploads/2024/08/decor-interior-gujrat-11.webp.webp]
[decorenterprise.com/wp-content/uploads/2024/08/decor-interior-gujrat-12.webp.webp]
[decorenterprise.com/wp-content/uploads/2024/08/decor-interior-gujrat-13.webp.webp]
[decorenterprise.com/alok-solanki-interior-designing-project-in-gujrat/index.html]
[decorenterprise.com/wp-json/wp/v2/project/364.json]
[decorenterprise.com/alok-solanki-interior-designing-project-in-gujrat/Trident/index.html]
[decorenterprise.com/wp-content/uploads/2024/08/decor-interior-Ahmedabad-1.webp]
[decorenterprise.com/wp-content/uploads/2024/08/decor-interior-Ahmedabad-2.webp]
[decorenterprise.com/wp-content/uploads/2024/08/decor-interior-Ahmedabad-3.webp]
[decorenterprise.com/interior-designing-project-in-ahmedabad/index.html]
[decorenterprise.com/interior-designing-project-in-ahmedabad/Trident/index.html]
[decorenterprise.com/wp-json/wp/v2/project/372.json]
[decorenterprise.com/wp-content/uploads/2024/08/decor-interior-gujtar-project-6.webp]
[decorenterprise.com/wp-content/uploads/2024/08/decor-interior-gujtar-project-5.webp]
[decorenterprise.com/wp-content/uploads/2024/08/decor-interior-gujtar-project-3.webp]
[decorenterprise.com/wp-content/uploads/2024/08/decor-interior-gujtar-project-2.webp]
[decorenterprise.com/wp-content/uploads/2024/08/decor-interior-gujtar-project-1.webp]
[decorenterprise.com/false-ceiling-and-interior-designing-project-in-gujrat/index.html]
[decorenterprise.com/wp-json/wp/v2/project/446.json]
[decorenterprise.com/false-ceiling-and-interior-designing-project-in-gujrat/Trident/index.html]
[decorenterprise.com/wp-content/uploads/2024/08/project-debotosh-1.webp]
[decorenterprise.com/wp-content/uploads/2024/08/project-debotosh-2.webp]
[decorenterprise.com/wp-content/uploads/2024/08/project-debotosh-3.webp]
[decorenterprise.com/wp-content/uploads/2024/08/project-debotosh-4.webp]
[decorenterprise.com/wp-content/uploads/2024/08/project-debotosh-5.webp]
[decorenterprise.com/wp-content/uploads/2024/08/project-debotosh-6.webp]
[decorenterprise.com/wp-content/uploads/2024/08/project-debotosh-7.webp]
[decorenterprise.com/wp-content/uploads/2024/08/project-debotosh-8.webp]
[decorenterprise.com/wp-content/uploads/2024/08/project-debotosh-10.webp]
[decorenterprise.com/wp-content/uploads/2024/08/project-debotosh-11.webp]
[decorenterprise.com/project-for-debotosh-banerjee-kolkata/index.html]
[decorenterprise.com/Trident/index.html]
[decorenterprise.com/index4f61.html]
[decorenterprise.com/wp-json/wp/v2/service/229.json]
[decorenterprise.com/project-for-debotosh-banerjee-kolkata/Trident/index.html]
[decorenterprise.com/plaster-of-paris-false-ceiling-designing/index.html]
[decorenterprise.com/projects/Trident/index.html]
[decorenterprise.com/index1098.html]
[decorenterprise.com/wp-json/wp/v2/pages/582.json]
[decorenterprise.com/plaster-of-paris-false-ceiling-designing/Trident/index.html]
[decorenterprise.com/wp-json/oembed/1.0/embed3ccd.json]
[decorenterprise.com/wp-json/oembed/1.0/embed64f3]
[decorenterprise.com/gypsum-board-partition-design/index.html]
[decorenterprise.com/about-us/Trident/index.html]
[decorenterprise.com/index094d.html]
[decorenterprise.com/services/Trident/index.html]
[decorenterprise.com/indexf3dd.html]
[decorenterprise.com/wp-json/oembed/1.0/embed8d2f.json]
[decorenterprise.com/wp-json/oembed/1.0/embedb20d]
[decorenterprise.com/plaster-of-paris-wall-punning/Trident/index.html]
[decorenterprise.com/index9873.html]
[decorenterprise.com/wp-json/oembed/1.0/embedac60.json]
[decorenterprise.com/wp-json/oembed/1.0/embeddd3b]
[decorenterprise.com/interior-designer-kolkata/Trident/index.html]
[decorenterprise.com/index9fa1.html]
[decorenterprise.com/wp-json/oembed/1.0/embede0a0.json]
[decorenterprise.com/wp-json/oembed/1.0/embed2cfb]
[decorenterprise.com/gypsum-false-ceiling-contractors-kolkata/Trident/index.html]
[decorenterprise.com/index8c34.html]
[decorenterprise.com/wp-json/oembed/1.0/embedab2c.json]
[decorenterprise.com/wp-json/oembed/1.0/embed81fa]
[decorenterprise.com/gypsum-cornice-design/Trident/index.html]
[decorenterprise.com/indexfa80.html]
[decorenterprise.com/wp-json/oembed/1.0/embedc5d7.json]
[decorenterprise.com/wp-json/oembed/1.0/embed2b5d]
[decorenterprise.com/gypsum-board-partition/Trident/index.html]
[decorenterprise.com/index9a88.html]
[decorenterprise.com/wp-json/oembed/1.0/embed7924.json]
[decorenterprise.com/wp-json/oembed/1.0/embed1b3e]
[decorenterprise.com/wall-panel-design/Trident/index.html]
[decorenterprise.com/indexc902.html]
[decorenterprise.com/wp-json/oembed/1.0/embed25d0.json]
[decorenterprise.com/wp-json/oembed/1.0/embeddfc6]
[decorenterprise.com/false-ceiling-designs/Trident/index.html]
[decorenterprise.com/indexd5db.html]
[decorenterprise.com/wp-json/oembed/1.0/embed827a.json]
[decorenterprise.com/wp-json/oembed/1.0/embedeed3]
[decorenterprise.com/armstrong-false-ceiling/Trident/index.html]
[decorenterprise.com/indexc094.html]
[decorenterprise.com/wp-json/oembed/1.0/embed866a.json]
[decorenterprise.com/wp-json/oembed/1.0/embed1205]
[decorenterprise.com/electrical-wiring-painting-work/Trident/index.html]
[decorenterprise.com/index4efb.html]
[decorenterprise.com/wp-json/oembed/1.0/embed28aa.json]
[decorenterprise.com/wp-json/oembed/1.0/embed3b5a]
[decorenterprise.com/modular-kitchen-in-kolkata/Trident/index.html]
[decorenterprise.com/index6233.html]
[decorenterprise.com/false-ceiling-design/Trident/index.html]
[decorenterprise.com/index1031.html]
[decorenterprise.com/aerolite-calcium-silicate-false-ceiling-designs/Trident/index.html]
[decorenterprise.com/index6905.html]
[decorenterprise.com/wp-json/wp/v2/pages/277.json]
[decorenterprise.com/gypsum-board-partition-design/Trident/index.html]
[decorenterprise.com/wp-json/oembed/1.0/embede0e2.json]
[decorenterprise.com/wp-json/oembed/1.0/embedc05e]
[decorenterprise.com/armstrong-board-false-ceiling/index.html]
[decorenterprise.com/armstrong-false-ceiling-designs/Trident/index.html]
[decorenterprise.com/indexb773.html]
[decorenterprise.com/false-ceiling-for-bedroom/Trident/index.html]
[decorenterprise.com/index90dd.html]
[decorenterprise.com/gypsum-board-false-ceiling/Trident/index.html]
[decorenterprise.com/index63fb.html]
[decorenterprise.com/interior-designer/index.html]
[decorenterprise.com/gypsum-laminate-grid-false-ceiling/Trident/index.html]
[decorenterprise.com/indexc524.html]
[decorenterprise.com/hotel-false-ceiling/Trident/index.html]
[decorenterprise.com/indexd251.html]
[decorenterprise.com/industrial-false-ceiling/Trident/index.html]
[decorenterprise.com/indexeffc.html]
[decorenterprise.com/false-ceiling-design-bedroom/index.html]
[decorenterprise.com/metal-false-ceiling-design/Trident/index.html]
[decorenterprise.com/index7d69.html]
[decorenterprise.com/office-false-ceiling/Trident/index.html]
[decorenterprise.com/index30e3.html]
[decorenterprise.com/wp-json/wp/v2/pages/389.json]
[decorenterprise.com/armstrong-board-false-ceiling/Trident/index.html]
[decorenterprise.com/wp-json/oembed/1.0/embed83bd.json]
[decorenterprise.com/wp-json/oembed/1.0/embedff6b]
[decorenterprise.com/pop-false-ceiling-contractor/index.html]
[decorenterprise.com/pop-board-false-ceiling/Trident/index.html]
[decorenterprise.com/indexc61d.html]
[decorenterprise.com/show-room-false-ceiling/Trident/index.html]
[decorenterprise.com/index4bd3.html]
[decorenterprise.com/hilux-calcium-silicate-false-ceiling-partition/Trident/index.html]
[decorenterprise.com/index0776.html]
[decorenterprise.com/banquet-false-ceiling/Trident/index.html]
[decorenterprise.com/index80c9.html]
[decorenterprise.com/product/Trident/index.html]
[decorenterprise.com/indexba86.html]
[decorenterprise.com/aerolite-calcium-silicate-board/Trident/index.html]
[decorenterprise.com/index90b2.html]
[decorenterprise.com/gypsum-board-joint-tap/Trident/index.html]
[decorenterprise.com/index2915.html]
[decorenterprise.com/gypsum-scrow/Trident/index.html]
[decorenterprise.com/indexdd01.html]
[decorenterprise.com/hilex-calcium-silicate-board/Trident/index.html]
[decorenterprise.com/index5c97.html]
[decorenterprise.com/plaster-of-paris/Trident/index.html]
[decorenterprise.com/index1422.html]
[decorenterprise.com/square-grid-chanel/Trident/index.html]
[decorenterprise.com/index2af5.html]
[decorenterprise.com/structure-gi-chanel/Trident/index.html]
[decorenterprise.com/index8902.html]
[decorenterprise.com/ultra-gypsum-chanel/Trident/index.html]
[decorenterprise.com/index8a7d.html]
[decorenterprise.com/pvc-false-ceiling-board/Trident/index.html]
[decorenterprise.com/indexbde5.html]
[decorenterprise.com/gallery/Trident/index.html]
[decorenterprise.com/indexa9ab.html]
[decorenterprise.com/faq/Trident/index.html]
[decorenterprise.com/indexe2dc.html]
[decorenterprise.com/contact-us/Trident/index.html]
[decorenterprise.com/index834e.html]
[decorenterprise.com/wp-json/oembed/1.0/embed15db.json]
[decorenterprise.com/wp-json/oembed/1.0/embed6c3e]
[decorenterprise.com/jayati-ghosh-tata-housing-avinda/Trident/index.html]
[decorenterprise.com/index601c.html]
[decorenterprise.com/wp-json/oembed/1.0/embed50c5.json]
[decorenterprise.com/wp-json/oembed/1.0/embedd7de]
[decorenterprise.com/alok-solanki-interior-designing-project-in-gujrat/Trident/index.html]
[decorenterprise.com/index0364.html]
[decorenterprise.com/wp-json/oembed/1.0/embedccf4.json]
[decorenterprise.com/wp-json/oembed/1.0/embed5d86]
[decorenterprise.com/interior-designing-project-in-ahmedabad/Trident/index.html]
[decorenterprise.com/indexc3ba.html]
[decorenterprise.com/wp-json/oembed/1.0/embedf1e5.json]
[decorenterprise.com/wp-json/oembed/1.0/embed0544]
[decorenterprise.com/false-ceiling-and-interior-designing-project-in-gujrat/Trident/index.html]
[decorenterprise.com/index4fd2.html]
[decorenterprise.com/wp-json/oembed/1.0/embeda1d3.json]
[decorenterprise.com/wp-json/oembed/1.0/embedb747]
[decorenterprise.com/project-for-debotosh-banerjee-kolkata/Trident/index.html]
[decorenterprise.com/index4580.html]
[decorenterprise.com/wp-json/oembed/1.0/embed7612.json]
[decorenterprise.com/wp-json/oembed/1.0/embed8731]
[decorenterprise.com/plaster-of-paris-false-ceiling-designing/Trident/index.html]
[decorenterprise.com/index01e4.html]
[decorenterprise.com/gypsum-board-partition-design/Trident/index.html]
[decorenterprise.com/index9076.html]
[decorenterprise.com/armstrong-board-false-ceiling/Trident/index.html]
[decorenterprise.com/index2325.html]
[decorenterprise.com/pop-false-ceiling-contractor/Trident/index.html]
[decorenterprise.com/pop-false-ceiling-contractor/Trident/index.html]
[decorenterprise.com/feed/index.html]
[decorenterprise.com/comments/feed/index.html]
[decorenterprise.com/wp-includes/js/jquery/jquery.minf43b.js]
[decorenterprise.com/wp-content/themes/decor/webfonts/fa-brands-400.eot]
[decorenterprise.com/wp-content/themes/decor/assets/js/polyfillsa361.js]
[decorenterprise.com/wp-includes/js/jquery/jquery-migrate.min5589.js]
[decorenterprise.com/wp-content/themes/decor/webfonts/fa-brands-400d41d.eot]
[decorenterprise.com/wp-json/index.html]
[decorenterprise.com/wp-content/themes/decor/assets/js/primary-navigationa361.js]
[decorenterprise.com/wp-content/themes/decor/webfonts/fa-brands-400.woff2]
[decorenterprise.com/wp-json/wp/v2/pages/9.json]
[decorenterprise.com/wp-content/themes/decor/webfonts/fa-brands-400.woff]
[decorenterprise.com/wp-content/themes/decor/webfonts/fa-brands-400.ttf]
[decorenterprise.com/xmlrpc0db0.php]
[decorenterprise.com/wp-json/oembed/1.0/embed143d.json]
[decorenterprise.com/wp-json/oembed/1.0/embed375c]
[decorenterprise.com/wp-content/themes/decor/webfonts/fa-regular-400.eot]
[decorenterprise.com/wp-content/uploads/2024/07/cropped-decor-fav-icon192x192-192x192.png]
[decorenterprise.com/wp-content/uploads/2024/07/cropped-decor-fav-icon192x192-180x180.png]
[decorenterprise.com/wp-content/themes/decor/webfonts/fa-regular-400d41d.eot]
[decorenterprise.com/wp-content/plugins/add-search-to-menu/public/images/spinner.gif]
[decorenterprise.com/wp-content/uploads/2024/09/interior-falseceiling.webp]
[decorenterprise.com/wp-content/uploads/2024/09/living-room.webp]
[decorenterprise.com/wp-content/themes/decor/webfonts/fa-regular-400.woff2]
[decorenterprise.com/wp-content/themes/decor/webfonts/fa-regular-400.woff]
[decorenterprise.com/wp-content/uploads/2024/07/residential-false-ceiling.webp]
[decorenterprise.com/wp-content/uploads/2024/07/1.png]
[decorenterprise.com/wp-content/themes/decor/webfonts/fa-regular-400.ttf]
[decorenterprise.com/wp-content/uploads/2024/07/ceiling.webp]
[decorenterprise.com/wp-content/uploads/2024/07/false_ceiling_designs.webp]
[decorenterprise.com/wp-content/uploads/2024/07/interior_designer_in_kolkata.webp]
[decorenterprise.com/wp-content/uploads/2024/07/Wall-Panelling-featured.webp]
[decorenterprise.com/wp-content/themes/decor/webfonts/fa-solid-900.eot]
[decorenterprise.com/wp-content/themes/decor/webfonts/fa-solid-900d41d.eot]
[decorenterprise.com/wp-content/uploads/2024/08/modular_kitchen_in_kolkata.webp]
[decorenterprise.com/wp-content/themes/decor/webfonts/fa-solid-900.woff2]
[decorenterprise.com/wp-content/uploads/2024/07/electrical_wiring-decor.webp]
[decorenterprise.com/wp-content/themes/decor/webfonts/fa-solid-900.woff]
[decorenterprise.com/wp-content/uploads/2024/07/best_interior_designer_in_kolkata.webp]
[decorenterprise.com/wp-content/uploads/2024/07/Armstrong-False-Ceiling.webp]
[decorenterprise.com/wp-content/themes/decor/images/discussion_and_planning.webp]
[decorenterprise.com/wp-content/themes/decor/webfonts/fa-solid-900.ttf]
[decorenterprise.com/wp-content/themes/decor/css/plugins.css]
[decorenterprise.com/wp-content/themes/decor/images/hww3.png]
[decorenterprise.com/wp-content/themes/decor/images/hww4.png]
[decorenterprise.com/wp-content/uploads/2024/07/1-2.png]
[decorenterprise.com/wp-content/themes/decor/images/expand.png]
[decorenterprise.com/wp-content/uploads/2024/07/2-1.png]
[decorenterprise.com/wp-content/uploads/2024/07/3-1.png]
[decorenterprise.com/wp-content/themes/decor/preview/images/new-badge.1e4.delayed]
[decorenterprise.com/wp-content/uploads/2024/07/4.png]
[decorenterprise.com/wp-content/uploads/2024/07/5.png]
[decorenterprise.com/wp-content/uploads/2024/07/6.png]
[decorenterprise.com/wp-content/uploads/2024/08/gujtar-project.webp]
[decorenterprise.com/wp-content/uploads/2024/08/jayati-tata-pproject.webp]
[decorenterprise.com/wp-content/uploads/2024/08/ahmedabad-project-decor-enterprise.webp]
[decorenterprise.com/wp-content/uploads/2024/08/decor-interior-gujtar-project-4.webp]
[decorenterprise.com/wp-content/uploads/2024/08/project-debotosh-9.webp]
[decorenterprise.com/images/overlay-pattern/gplay.1e5.delayed]
[decorenterprise.com/wp-content/uploads/2024/10/unnamed.png]
[decorenterprise.com/wp-content/themes/decor/images/background-4.png]
[decorenterprise.com/wp-content/uploads/2024/09/no-image.webp]
[decorenterprise.com/wp-content/themes/decor/js/jquery.js]
[decorenterprise.com/wp-content/themes/decor/js/plugins.js]
[decorenterprise.com/images/overlay-pattern/3px-tile.1e6.delayed]
[decorenterprise.com/wp-content/themes/decor/js/functions.js]
[decorenterprise.com/wp-content/themes/decor/js/custom.js]
[decorenterprise.com/wp-content/plugins/chaty/js/cht-front-script.mine268.js]
[decorenterprise.com/wp-content/plugins/chaty/admin/assets/js/mailcheck3d36.js]
[decorenterprise.com/images/overlay-pattern/asfalt-dark.1e7.delayed]
[decorenterprise.com/wp-includes/js/dist/i18n.minc33c.js]
[decorenterprise.com/wp-includes/js/dist/hooks.min2757.js]
[decorenterprise.com/images/overlay-pattern/axiom-pattern.1e8.delayed]
[decorenterprise.com/wp-content/themes/decor/assets/js/responsive-embedsa361.js]
[decorenterprise.com/wp-content/plugins/contact-form-7/includes/swv/js/indexf049.js]
[decorenterprise.com/wp-content/plugins/contact-form-7/includes/js/indexf049.js]
[decorenterprise.com/wp-content/themes/decor/webfonts/inspiro-icons92ed.ttf]
[decorenterprise.com/wp-content/plugins/add-search-to-menu/public/js/ivory-search.min234e.js]
[decorenterprise.com/wp-content/plugins/add-search-to-menu/public/js/ivory-ajax-search.min234e.js]
[decorenterprise.com/wp-content/themes/decor/webfonts/inspiro-icons92ed.woff]
[decorenterprise.com/wp-json/wp/v2/pages/66.json]
[decorenterprise.com/wp-json/oembed/1.0/embed3550.json]
[decorenterprise.com/wp-content/themes/decor/images/triangle-divider-down.png]
[decorenterprise.com/wp-json/oembed/1.0/embed1645]
[decorenterprise.com/wp-content/themes/decor/images/triangle-divider-top.png]
[decorenterprise.com/wp-content/themes/decor/css/style.css]
[decorenterprise.com/wp-json/wp/v2/pages/59.json]
[decorenterprise.com/wp-content/uploads/2024/09/about-decor-enterprise.webp]
[decorenterprise.com/wp-content/uploads/2024/07/Plaster-of-Paris-False-Ceiling-Designing.webp]
[cdn.jsdelivr.net/npm/owl.carousel@2.3.4/dist/assets/owl.video.play.png]
[cdn.jsdelivr.net/npm/owl.carousel@2.3.4/dist/assets/owl.carousel.min.css]
[decorenterprise.com/wp-json/oembed/1.0/embed47ff.json]
[decorenterprise.com/wp-json/oembed/1.0/embed7bca]
[cdn.jsdelivr.net/npm/owl.carousel@2.3.4/dist/assets/owl.theme.default.css]
[decorenterprise.com/wp-json/wp/v2/pages/61.json]
[decorenterprise.com/wp-json/wp/v2/service/213.json]
[decorenterprise.com/wp-json/oembed/1.0/embedca1c]
[decorenterprise.com/wp-json/oembed/1.0/embed8f8b.json]
[decorenterprise.com/wp-json/wp/v2/service/231.json]
[decorenterprise.com/wp-content/themes/decor/images/arrow-curved.png]
[decorenterprise.com/wp-content/themes/decor/css/custom.css]
[decorenterprise.com/wp-includes/css/dist/block-library/style.min109c.css]
[decorenterprise.com/wp-content/uploads/2024/07/interior-1.webp]
[decorenterprise.com/wp-content/uploads/2024/07/interior-3.webp]
[decorenterprise.com/wp-content/themes/decor/assets/css/custom-color-overridesa361.css]
[decorenterprise.com/wp-content/uploads/2024/07/interior-2.webp]
[decorenterprise.com/wp-content/uploads/2024/07/interior-4.webp]
[decorenterprise.com/wp-content/uploads/2024/07/interior-5.webp]
[decorenterprise.com/wp-content/uploads/2024/07/interior-6.webp]
[decorenterprise.com/wp-content/plugins/chaty/images/whatsapp.png]
[decorenterprise.com/wp-content/uploads/2024/07/interior-7.webp]
[decorenterprise.com/wp-content/uploads/2024/07/interior-8.webp]
[decorenterprise.com/wp-content/uploads/2024/07/interior-9.webp]
[decorenterprise.com/wp-content/plugins/chaty/images/whatsapp-welcome-popup.png]
[decorenterprise.com/wp-content/uploads/2024/07/interior-12.webp]
[decorenterprise.com/wp-content/uploads/2024/07/interior-10.webp]
[decorenterprise.com/wp-content/plugins/chaty/images/header-top.png]
[decorenterprise.com/wp-json/wp/v2/service/230.json]
[decorenterprise.com/wp-content/uploads/2024/07/interior-11.webp]
[decorenterprise.com/wp-json/wp/v2/service/226.json]
[decorenterprise.com/wp-content/plugins/chaty/images/header-bottom.png]
[decorenterprise.com/wp-content/plugins/chaty/css/chaty-front.mine268.css]
[decorenterprise.com/wp-json/wp/v2/service/225.json]
[decorenterprise.com/wp-content/plugins/contact-form-7/includes/css/stylesf049.css]
[decorenterprise.com/wp-json/wp/v2/service/227.json]
[decorenterprise.com/wp-content/uploads/2024/07/Wall-Panelling-22.webp]
[decorenterprise.com/wp-content/plugins/wp-pagenavi/pagenavi-css44fd.css]
[decorenterprise.com/wp-content/uploads/2024/07/Wall-Panelling-21.webp]
[decorenterprise.com/wp-content/uploads/2024/07/Wall-Panelling-20.webp]
[decorenterprise.com/wp-content/plugins/add-search-to-menu/public/css/ivory-search.min234e.css]
[decorenterprise.com/wp-content/uploads/2024/07/Wall-Panelling-18.webp]
[decorenterprise.com/wp-content/uploads/2024/07/Wall-Panelling-19.webp]
[decorenterprise.com/wp-content/themes/decor/stylea361.css]
[decorenterprise.com/wp-content/uploads/2024/07/Wall-Panelling-16.webp]
[decorenterprise.com/wp-content/uploads/2024/07/Wall-Panelling-17.webp]
[decorenterprise.com/wp-content/themes/decor/assets/css/printa361.css]
[decorenterprise.com/wp-content/uploads/2024/07/Wall-Panelling-15.webp]
[decorenterprise.com/wp-content/uploads/2024/07/Wall-Panelling-14.webp]
[www.googletagmanager.com/gtm5445.html]
[decorenterprise.com/wp-content/uploads/2024/07/Wall-Panelling-13.webp]
[decorenterprise.com/wp-content/uploads/2024/07/Wall-Panelling-12.webp]
[decorenterprise.com/about-us/index.html]
[decorenterprise.com/wp-content/uploads/2024/07/Wall-Panelling-11.webp]
[decorenterprise.com/wp-content/uploads/2024/07/Wall-Panelling-10.webp]
[decorenterprise.com/wp-content/uploads/2024/07/Wall-Panelling-9.webp]
[decorenterprise.com/wp-content/uploads/2024/07/Wall-Panelling-8.webp]
[decorenterprise.com/wp-content/uploads/2024/07/gypsum_board_partition.webp]
[decorenterprise.com/wp-content/uploads/2024/07/Wall-Panelling-6.webp]
[decorenterprise.com/wp-content/uploads/2024/07/Wall-Panelling-7.webp]
[decorenterprise.com/wp-content/uploads/2024/07/Wall-Panelling-5.webp]
[decorenterprise.com/wp-content/uploads/2024/07/Wall-Panelling-4.webp]
[decorenterprise.com/wp-content/themes/decor/images/artwork_design.webp]
[decorenterprise.com/wp-content/uploads/2024/07/Wall-Panelling-3.webp]
[decorenterprise.com/jayati-ghosh-tata-housing-avinda/index.html]
[decorenterprise.com/wp-content/uploads/2024/07/Wall-Panelling-2.webp]
[decorenterprise.com/wp-json/wp/v2/service/224.json]
[decorenterprise.com/wp-content/uploads/2024/07/Wall-Panelling-1.webp]
[decorenterprise.com/alok-solanki-interior-designing-project-in-gujrat/index.html]
[decorenterprise.com/wp-content/uploads/2024/07/false-ceiling-gallery-1.webp]
[decorenterprise.com/wp-content/uploads/2024/07/false-ceiling-design-gallery-6.webp]
[decorenterprise.com/wp-content/uploads/2024/07/false-ceiling-design-gallery-7.webp]
[decorenterprise.com/interior-designing-project-in-ahmedabad/index.html]
[decorenterprise.com/wp-content/uploads/2024/07/false-ceiling-design-gallery-4.webp]
[decorenterprise.com/wp-content/uploads/2024/07/false-ceiling-design-gallery-5.webp]
[decorenterprise.com/wp-content/uploads/2024/07/false-ceiling-design-gallery-3.webp]
[decorenterprise.com/wp-json/wp/v2/service/221.json]
[decorenterprise.com/false-ceiling-and-interior-designing-project-in-gujrat/index.html]
[decorenterprise.com/wp-content/uploads/2024/07/false-ceiling-design-gallery-2.webp]
[decorenterprise.com/wp-json/wp/v2/service/217.json]
[decorenterprise.com/wp-json/wp/v2/service/405.json]
[decorenterprise.com/project-for-debotosh-banerjee-kolkata/index.html]
[decorenterprise.com/Trident/index.html]
[decorenterprise.com/wp-content/uploads/2024/08/modular-kitchen-2.webp]
[decorenterprise.com/wp-content/plugins/add-search-to-menu/public/css/ivory-ajax-search.min234e.css]
[decorenterprise.com/index4f61.html]
[decorenterprise.com/wp-content/uploads/2024/08/modular-kitchen.webp]
[decorenterprise.com/wp-content/uploads/2024/08/modular-kitchen-14.webp]
[decorenterprise.com/wp-content/uploads/2024/08/modular-kitchen-13.webp]
[decorenterprise.com/plaster-of-paris-false-ceiling-designing/index.html]
[decorenterprise.com/wp-content/uploads/2024/08/modular-kitchen-12.webp]
[decorenterprise.com/index1098.html]
[decorenterprise.com/wp-content/uploads/2024/08/modular-kitchen-2-1.webp]
[decorenterprise.com/wp-content/uploads/2024/08/modular-kitchen-11.webp]
[decorenterprise.com/wp-content/uploads/2024/08/modular-kitchen-1.webp]
[decorenterprise.com/gypsum-board-partition-design/index.html]
[decorenterprise.com/wp-json/wp/v2/pages/254.json]
[decorenterprise.com/index094d.html]
[decorenterprise.com/wp-content/uploads/2024/09/Armstrong-False-Ceiling-Designs.webp]
[decorenterprise.com/services/Trident/index.html]
[decorenterprise.com/indexf3dd.html]
[decorenterprise.com/wp-content/uploads/2024/09/Aerolite-Calcium-Silicate-False-Ceiling.webp]
[decorenterprise.com/wp-json/oembed/1.0/embed19cb.json]
[decorenterprise.com/wp-json/oembed/1.0/embed9fa6]
[decorenterprise.com/index9873.html]
[decorenterprise.com/wp-json/wp/v2/pages/314.json]
[decorenterprise.com/interior-designer-kolkata/Trident/index.html]
[decorenterprise.com/index9fa1.html]
[decorenterprise.com/wp-json/wp/v2/pages/384.json]
[decorenterprise.com/index8c34.html]
[decorenterprise.com/wp-json/oembed/1.0/embed340f.json]
[decorenterprise.com/indexfa80.html]
[decorenterprise.com/wp-json/oembed/1.0/embed36f0]
[decorenterprise.com/index9a88.html]
[decorenterprise.com/wp-json/oembed/1.0/embed7a3a.json]
[decorenterprise.com/wp-json/oembed/1.0/embed8555]
[decorenterprise.com/wall-panel-design/Trident/index.html]
[decorenterprise.com/indexc902.html]
[decorenterprise.com/wp-json/wp/v2/pages/258.json]
[decorenterprise.com/wp-content/uploads/2024/09/bedroom-false-ceiling.webp]
[decorenterprise.com/false-ceiling-designs/Trident/index.html]
[decorenterprise.com/indexd5db.html]
[decorenterprise.com/wp-content/uploads/2024/09/gypsum-board-false-ceiling.webp]
[decorenterprise.com/wp-json/oembed/1.0/embeda89a.json]
[decorenterprise.com/wp-json/oembed/1.0/embeded1f]
[decorenterprise.com/indexc094.html]
[decorenterprise.com/wp-json/wp/v2/pages/280.json]
[decorenterprise.com/index4efb.html]
[decorenterprise.com/modular-kitchen-in-kolkata/Trident/index.html]
[decorenterprise.com/index6233.html]
[decorenterprise.com/wp-json/oembed/1.0/embed6406.json]
[decorenterprise.com/wp-content/uploads/2024/09/grid-false-ceiling.webp]
[decorenterprise.com/wp-json/oembed/1.0/embed35e8]
[decorenterprise.com/wp-json/wp/v2/pages/319.json]
[decorenterprise.com/false-ceiling-design/Trident/index.html]
[decorenterprise.com/index1031.html]
[decorenterprise.com/wp-content/uploads/2024/09/hotel-false-ceiling.webp]
[decorenterprise.com/wp-json/oembed/1.0/embed353c.json]
[decorenterprise.com/wp-json/oembed/1.0/embed6118]
[decorenterprise.com/aerolite-calcium-silicate-false-ceiling-designs/Trident/index.html]
[decorenterprise.com/wp-json/wp/v2/pages/268.json]
[decorenterprise.com/index6905.html]
[decorenterprise.com/armstrong-board-false-ceiling/index.html]
[decorenterprise.com/wp-content/uploads/2024/09/industrial-false-ceiling.webp]
[decorenterprise.com/wp-json/oembed/1.0/embedfc8d.json]
[decorenterprise.com/wp-json/oembed/1.0/embed6dd9]
[decorenterprise.com/indexb773.html]
[decorenterprise.com/wp-json/wp/v2/pages/274.json]
[decorenterprise.com/false-ceiling-for-bedroom/Trident/index.html]
[decorenterprise.com/index90dd.html]
[decorenterprise.com/wp-content/uploads/2024/09/metal-false-ceiling.webp]
[decorenterprise.com/wp-json/oembed/1.0/embede4e0.json]
[decorenterprise.com/gypsum-board-false-ceiling/Trident/index.html]
[decorenterprise.com/wp-json/wp/v2/pages/322.json]
[decorenterprise.com/wp-json/oembed/1.0/embed6063]
[decorenterprise.com/index63fb.html]
[decorenterprise.com/interior-designer/index.html]
[decorenterprise.com/wp-content/uploads/2024/09/office-false-ceiling.webp]
[decorenterprise.com/indexc524.html]
[decorenterprise.com/wp-json/oembed/1.0/embed52d4.json]
[decorenterprise.com/wp-json/wp/v2/pages/262.json]
[decorenterprise.com/wp-json/oembed/1.0/embed59e9]
[decorenterprise.com/hotel-false-ceiling/Trident/index.html]
[decorenterprise.com/indexd251.html]
[decorenterprise.com/wp-json/oembed/1.0/embedbfc2.json]
[decorenterprise.com/wp-json/oembed/1.0/embedcbd5]
[decorenterprise.com/wp-content/uploads/2024/09/pop-false-ceiling.webp]
[decorenterprise.com/wp-json/wp/v2/pages/283.json]
[decorenterprise.com/industrial-false-ceiling/Trident/index.html]
[decorenterprise.com/indexeffc.html]
[decorenterprise.com/wp-content/uploads/2024/09/showroom-false-ceiling.webp]
[decorenterprise.com/wp-json/oembed/1.0/embeda6a2.json]
[decorenterprise.com/false-ceiling-design-bedroom/index.html]
[decorenterprise.com/wp-json/oembed/1.0/embedaa10]
[decorenterprise.com/index7d69.html]
[decorenterprise.com/wp-json/wp/v2/pages/265.json]
[decorenterprise.com/office-false-ceiling/Trident/index.html]
[decorenterprise.com/index30e3.html]
[decorenterprise.com/wp-json/oembed/1.0/embed64ab.json]
[decorenterprise.com/wp-json/oembed/1.0/embed45d8]
[decorenterprise.com/wp-content/uploads/2024/09/false-ceiling.webp]
[decorenterprise.com/pop-false-ceiling-contractor/index.html]
[decorenterprise.com/wp-json/wp/v2/pages/326.json]
[decorenterprise.com/indexc61d.html]
[decorenterprise.com/wp-content/uploads/2024/09/banquet.webp]
[decorenterprise.com/wp-json/oembed/1.0/embedfbef.json]
[decorenterprise.com/wp-json/oembed/1.0/embedfae4]
[decorenterprise.com/wp-json/wp/v2/pages/271.json]
[decorenterprise.com/show-room-false-ceiling/Trident/index.html]
[decorenterprise.com/index4bd3.html]
[decorenterprise.com/hilux-calcium-silicate-false-ceiling-partition/Trident/index.html]
[decorenterprise.com/index0776.html]
[decorenterprise.com/wp-json/oembed/1.0/embed050f.json]
[decorenterprise.com/wp-content/uploads/2024/07/decor-inner-banner-2.webp]
[decorenterprise.com/wp-json/oembed/1.0/embede1a7]
[decorenterprise.com/banquet-false-ceiling/Trident/index.html]
[decorenterprise.com/index80c9.html]
[decorenterprise.com/wp-json/wp/v2/pages/232.json]
[decorenterprise.com/wp-json/oembed/1.0/embed7a61.json]
[decorenterprise.com/wp-json/oembed/1.0/embed7af9]
[decorenterprise.com/product/Trident/index.html]
[decorenterprise.com/indexba86.html]
[decorenterprise.com/wp-json/wp/v2/pages/298.json]
[decorenterprise.com/wp-content/uploads/2024/09/Aerolite-Calcium-Silicate.webp]
[decorenterprise.com/wp-json/wp/v2/pages/310.json]
[decorenterprise.com/aerolite-calcium-silicate-board/Trident/index.html]
[decorenterprise.com/index90b2.html]
[decorenterprise.com/wp-json/oembed/1.0/embed5647.json]
[decorenterprise.com/gypsum-board-joint-tap/Trident/index.html]
[decorenterprise.com/wp-json/oembed/1.0/embed4bbb.json]
[decorenterprise.com/index2915.html]
[decorenterprise.com/wp-json/oembed/1.0/embedc13f]
[decorenterprise.com/gypsum-scrow/Trident/index.html]
[decorenterprise.com/indexdd01.html]
[decorenterprise.com/wp-content/uploads/2024/09/hilex-calcium-silicate-board.webp]
[decorenterprise.com/wp-json/oembed/1.0/embed5b9c.json]
[decorenterprise.com/hilex-calcium-silicate-board/Trident/index.html]
[decorenterprise.com/index5c97.html]
[decorenterprise.com/wp-json/oembed/1.0/embed6c4a.json]
[decorenterprise.com/plaster-of-paris/Trident/index.html]
[decorenterprise.com/index1422.html]
[decorenterprise.com/wp-json/oembed/1.0/embede024]
[decorenterprise.com/wp-json/oembed/1.0/embed8566.json]
[decorenterprise.com/wp-json/wp/v2/pages/292.json]
[decorenterprise.com/square-grid-chanel/Trident/index.html]
[decorenterprise.com/index2af5.html]
[decorenterprise.com/wp-json/oembed/1.0/embed77af.json]
[decorenterprise.com/structure-gi-chanel/Trident/index.html]
[decorenterprise.com/index8902.html]
[decorenterprise.com/wp-json/oembed/1.0/embed29df.json]
[decorenterprise.com/wp-json/oembed/1.0/embed3431]
[decorenterprise.com/wp-json/oembed/1.0/embed366e.json]
[decorenterprise.com/ultra-gypsum-chanel/Trident/index.html]
[decorenterprise.com/wp-json/wp/v2/pages/301.json]
[decorenterprise.com/index8a7d.html]
[decorenterprise.com/wp-content/plugins/nextgen-gallery/static/Legacy/ajax.min6632.js]
[decorenterprise.com/pvc-false-ceiling-board/Trident/index.html]
[decorenterprise.com/wp-json/oembed/1.0/embedb918]
[decorenterprise.com/wp-json/oembed/1.0/embed0369.json]
[decorenterprise.com/wp-content/plugins/nextgen-gallery/static/GalleryDisplay/trigger_buttons6632.css]
[decorenterprise.com/wp-content/plugins/nextgen-gallery/static/FontAwesome/js/v4-shims.min7923.js]
[decorenterprise.com/wp-content/plugins/nextgen-gallery/static/Thumbnails/nextgen_basic_thumbnails6632.js]
[decorenterprise.com/wp-content/plugins/nextgen-gallery/static/FontAwesome/js/all.min7923.js]
[decorenterprise.com/wp-content/plugins/nextgen-gallery/static/Lightbox/simplelightbox/simple-lightbox6632.css]
[decorenterprise.com/wp-json/wp/v2/pages/80.json]
[decorenterprise.com/wp-content/gallery/gallery/details.png]
[decorenterprise.com/wp-content/plugins/nextgen-gallery/static/FontAwesome/css/v4-shims.min109c.css]
[decorenterprise.com/wp-json/oembed/1.0/embedae27]
[decorenterprise.com/wp-json/oembed/1.0/embed96c7.json]
[decorenterprise.com/wp-content/gallery/gallery/thumbs/thumbs-details.png]
[decorenterprise.com/wp-content/gallery/gallery/6.png]
[decorenterprise.com/wp-content/gallery/gallery/thumbs/thumbs-6.png]
[decorenterprise.com/wp-content/gallery/gallery/1-2.png]
[decorenterprise.com/wp-content/gallery/gallery/thumbs/thumbs-1-2.png]
[decorenterprise.com/wp-content/plugins/nextgen-gallery/static/FontAwesome/webfonts/fa-brands-400.woff2]
[decorenterprise.com/wp-content/gallery/gallery/2-1.png]
[decorenterprise.com/wp-content/gallery/gallery/thumbs/thumbs-2-1.png]
[decorenterprise.com/wp-content/gallery/gallery/5.png]
[decorenterprise.com/wp-content/plugins/nextgen-gallery/static/FontAwesome/webfonts/fa-brands-400.ttf]
[decorenterprise.com/wp-content/gallery/gallery/thumbs/thumbs-5.png]
[decorenterprise.com/wp-content/gallery/gallery/decor-interior-gujrat-4.jpg]
[decorenterprise.com/wp-content/gallery/gallery/thumbs/thumbs-decor-interior-gujrat-4.jpg]
[decorenterprise.com/wp-content/plugins/nextgen-gallery/static/FontAwesome/webfonts/fa-regular-400.woff2]
[decorenterprise.com/wp-content/gallery/gallery/decor-interior-gujrat-5.jpg]
[decorenterprise.com/wp-content/gallery/gallery/thumbs/thumbs-decor-interior-gujrat-5.jpg]
[decorenterprise.com/wp-content/gallery/gallery/decor-interior-gujrat-6.jpg]
[decorenterprise.com/wp-content/plugins/nextgen-gallery/static/FontAwesome/webfonts/fa-regular-400.ttf]
[decorenterprise.com/wp-content/gallery/gallery/thumbs/thumbs-decor-interior-gujrat-6.jpg]
[decorenterprise.com/wp-content/gallery/gallery/decor-interior-gujrat-3.jpg]
[decorenterprise.com/wp-content/gallery/gallery/thumbs/thumbs-decor-interior-gujrat-3.jpg]
[decorenterprise.com/wp-content/plugins/nextgen-gallery/static/FontAwesome/webfonts/fa-solid-900.woff2]
[decorenterprise.com/wp-content/gallery/gallery/decor-interior-gujrat-1.jpg]
[decorenterprise.com/wp-content/gallery/gallery/thumbs/thumbs-decor-interior-gujrat-1.jpg]
[decorenterprise.com/wp-content/gallery/gallery/decor-interior-gujrat-2.jpg]
[decorenterprise.com/wp-content/plugins/nextgen-gallery/static/FontAwesome/webfonts/fa-solid-900.ttf]
[decorenterprise.com/wp-content/gallery/gallery/decor-interior-gujrat-7.jpg]
[decorenterprise.com/wp-content/gallery/gallery/thumbs/thumbs-decor-interior-gujrat-2.jpg]
[decorenterprise.com/wp-content/gallery/gallery/thumbs/thumbs-decor-interior-gujrat-7.jpg]
[decorenterprise.com/wp-content/gallery/gallery/decor-interior-gujrat-10.webp.jpg]
[decorenterprise.com/wp-content/gallery/gallery/thumbs/thumbs-decor-interior-gujrat-10.webp.jpg]
[decorenterprise.com/wp-content/gallery/gallery/decor-interior-gujrat-9.webp.jpg]
[decorenterprise.com/wp-content/gallery/gallery/thumbs/thumbs-decor-interior-gujrat-9.webp.jpg]
[decorenterprise.com/wp-content/gallery/gallery/decor-interior-gujrat-11.webp.jpg]
[decorenterprise.com/wp-content/gallery/gallery/decor-interior-gujrat-12.webp.jpg]
[decorenterprise.com/wp-content/gallery/gallery/thumbs/thumbs-decor-interior-gujrat-12.webp.jpg]
[decorenterprise.com/wp-content/gallery/gallery/decor-interior-gujrat-8.webp.jpg]
[decorenterprise.com/wp-content/gallery/gallery/decor-interior-gujrat-13.webp.jpg]
[decorenterprise.com/wp-content/plugins/nextgen-gallery/static/FontAwesome/webfonts/fa-v4compatibility.woff2]
[decorenterprise.com/wp-content/gallery/gallery/thumbs/thumbs-decor-interior-gujrat-13.webp.jpg]
[decorenterprise.com/wp-content/gallery/gallery/decor-interior-gujrat-14.webp.jpg]
[decorenterprise.com/wp-content/gallery/gallery/thumbs/thumbs-decor-interior-gujrat-14.webp.jpg]
[decorenterprise.com/wp-content/plugins/nextgen-gallery/static/FontAwesome/webfonts/fa-v4compatibility.ttf]
[decorenterprise.com/wp-content/plugins/nextgen-gallery/static/FontAwesome/css/all.min109c.css]
[decorenterprise.com/wp-content/gallery/gallery/thumbs/thumbs-decor-interior-jayati-1.jpg]
[decorenterprise.com/wp-content/gallery/gallery/decor-interior-jayati-3.jpg]
[decorenterprise.com/wp-content/gallery/gallery/decor-interior-jayati-1.jpg]
[decorenterprise.com/wp-content/plugins/nextgen-gallery/static/GalleryDisplay/pagination_style6632.css]
[decorenterprise.com/wp-content/gallery/gallery/decor-interior-jayati-4.jpg]
[decorenterprise.com/wp-content/gallery/gallery/thumbs/thumbs-decor-interior-jayati-3.jpg]
[decorenterprise.com/wp-content/gallery/gallery/decor-interior-jayati-2.jpg]
[decorenterprise.com/wp-content/plugins/nextgen-gallery/static/Thumbnails/nextgen_basic_thumbnails6632.css]
[decorenterprise.com/wp-content/gallery/gallery/decor-interior-jayati-5.jpg]
[decorenterprise.com/wp-content/gallery/gallery/thumbs/thumbs-decor-interior-jayati-4.jpg]
[decorenterprise.com/wp-content/gallery/gallery/decor-interior-jayati-6.jpg]
[decorenterprise.com/indexbde5.html]
[decorenterprise.com/wp-content/gallery/gallery/decor-interior-jayati-9.jpg]
[decorenterprise.com/wp-content/gallery/gallery/thumbs/thumbs-decor-interior-jayati-6.jpg]
[decorenterprise.com/wp-content/gallery/gallery/decor-interior-jayati-12.jpg]
[decorenterprise.com/wp-content/gallery/gallery/thumbs/thumbs-decor-interior-jayati-9.jpg]
[decorenterprise.com/wp-content/gallery/gallery/decor-interior-jayati-11.jpg]
[decorenterprise.com/wp-content/gallery/gallery/thumbs/thumbs-decor-interior-jayati-12.jpg]
[decorenterprise.com/wp-content/gallery/gallery/thumbs/thumbs-decor-interior-jayati-11.jpg]
[decorenterprise.com/wp-content/gallery/gallery/decor-interior-jayati-8.jpg]
[decorenterprise.com/wp-content/gallery/gallery/decor-interior-jayati-13.jpg]
[decorenterprise.com/wp-content/gallery/gallery/img15.jpg]
[decorenterprise.com/wp-content/gallery/gallery/interior-3.webp]
[decorenterprise.com/wp-content/gallery/gallery/thumbs/thumbs-interior-3.webp]
[decorenterprise.com/wp-content/gallery/gallery/thumbs/thumbs-interior-3.webp]
[decorenterprise.com/wp-content/gallery/gallery/thumbs/thumbs-interior-5.webp]
[decorenterprise.com/wp-content/gallery/gallery/interior-5.webp]
[decorenterprise.com/wp-content/gallery/gallery/decor-interior-gujtar-project-5.jpg]
[decorenterprise.com/wp-content/gallery/gallery/thumbs/thumbs-interior-10.webp]
[decorenterprise.com/wp-content/gallery/gallery/thumbs/thumbs-decor-interior-gujtar-project-5.jpg]
[decorenterprise.com/wp-content/gallery/gallery/thumbs/thumbs-interior-10.webp]
[decorenterprise.com/wp-content/gallery/gallery/decor-interior-gujtar-project-6.jpg]
[decorenterprise.com/gallery/Trident/index.html]
[decorenterprise.com/wp-content/plugins/nextgen-gallery/static/GalleryDisplay/common6632.js]
[decorenterprise.com/wp-content/plugins/nextgen-gallery/static/Lightbox/simplelightbox/simple-lightbox6632.js]
[decorenterprise.com/indexa9ab.html]
[decorenterprise.com/wp-content/plugins/nextgen-gallery/static/Lightbox/simplelightbox/nextgen_simple_lightbox_init6632.js]
[decorenterprise.com/faq/Trident/index.html]
[decorenterprise.com/indexe2dc.html]
[decorenterprise.com/wp-json/oembed/1.0/embed9341.json]
[decorenterprise.com/wp-json/oembed/1.0/embed4383]
[decorenterprise.com/wp-json/wp/v2/project/329.json]
[decorenterprise.com/contact-us/Trident/index.html]
[decorenterprise.com/wp-json/oembed/1.0/embed093c.json]
[decorenterprise.com/index834e.html]
[decorenterprise.com/wp-content/uploads/2024/08/decor-interior-jayati-6.jpg]
[decorenterprise.com/jayati-ghosh-tata-housing-avinda/Trident/index.html]
[decorenterprise.com/wp-content/uploads/2024/08/decor-interior-jayati-5.jpg]
[decorenterprise.com/wp-content/uploads/2024/08/decor-interior-jayati-4.jpg]
[decorenterprise.com/index601c.html]
[decorenterprise.com/wp-content/uploads/2024/08/decor-interior-gujrat-3.webp]
[decorenterprise.com/wp-content/uploads/2024/08/decor-interior-gujrat-1.webp]
[decorenterprise.com/wp-content/uploads/2024/08/decor-interior-gujrat-4.webp]
[decorenterprise.com/alok-solanki-interior-designing-project-in-gujrat/Trident/index.html]
[decorenterprise.com/wp-json/wp/v2/project/364.json]
[decorenterprise.com/index0364.html]
[decorenterprise.com/wp-content/uploads/2024/08/decor-interior-Ahmedabad-1.webp]
[decorenterprise.com/interior-designing-project-in-ahmedabad/Trident/index.html]
[decorenterprise.com/wp-json/wp/v2/project/372.json]
[decorenterprise.com/indexc3ba.html]
[decorenterprise.com/wp-content/uploads/2024/08/decor-interior-Ahmedabad-2.webp]
[decorenterprise.com/false-ceiling-and-interior-designing-project-in-gujrat/Trident/index.html]
[decorenterprise.com/index4fd2.html]
[decorenterprise.com/wp-content/uploads/2024/08/decor-interior-gujtar-project-5.webp]
[decorenterprise.com/wp-content/uploads/2024/08/decor-interior-gujtar-project-6.webp]
[decorenterprise.com/wp-json/wp/v2/service/229.json]
[decorenterprise.com/project-for-debotosh-banerjee-kolkata/Trident/index.html]
[decorenterprise.com/wp-content/uploads/2024/08/project-debotosh-1.webp]
[decorenterprise.com/wp-json/wp/v2/pages/582.json]
[decorenterprise.com/index4580.html]
[decorenterprise.com/index01e4.html]
[decorenterprise.com/wp-json/wp/v2/pages/277.json]
[decorenterprise.com/wp-json/oembed/1.0/embed3ccd.json]
[decorenterprise.com/gypsum-board-partition-design/Trident/index.html]
[decorenterprise.com/wp-json/oembed/1.0/embed64f3]
[decorenterprise.com/index9076.html]
[decorenterprise.com/armstrong-board-false-ceiling/Trident/index.html]
[decorenterprise.com/index2325.html]
[decorenterprise.com/wp-json/oembed/1.0/embede0e2.json]
[decorenterprise.com/wp-json/oembed/1.0/embedc05e]
[decorenterprise.com/wp-json/oembed/1.0/embed83bd.json]
[decorenterprise.com/wp-content/themes/decor/webfonts/fa-brands-400.eot]
[decorenterprise.com/wp-content/themes/decor/webfonts/fa-brands-400d41d.eot]
[decorenterprise.com/wp-json/oembed/1.0/embedff6b]
[decorenterprise.com/wp-content/themes/decor/webfonts/fa-brands-400.woff2]
[decorenterprise.com/wp-content/themes/decor/webfonts/fa-brands-400.svg]
[decorenterprise.com/wp-content/themes/decor/webfonts/fa-brands-400.woff]
[decorenterprise.com/wp-content/themes/decor/webfonts/fa-regular-400.eot]
[decorenterprise.com/wp-content/themes/decor/webfonts/fa-regular-400.woff2]
[decorenterprise.com/wp-content/themes/decor/webfonts/fa-regular-400.svg]
[decorenterprise.com/wp-content/themes/decor/webfonts/fa-solid-900.eot]
[decorenterprise.com/wp-content/themes/decor/webfonts/fa-solid-900d41d.eot]
[decorenterprise.com/wp-content/themes/decor/webfonts/fa-solid-900.woff2]
[decorenterprise.com/wp-content/themes/decor/webfonts/fa-solid-900.svg]
[decorenterprise.com/wp-content/themes/decor/images/expand.png]
[decorenterprise.com/wp-content/themes/decor/webfonts/inspiro-icons92ed.woff]
[decorenterprise.com/wp-content/themes/decor/preview/images/new-badge.html]
[decorenterprise.com/wp-content/themes/decor/webfonts/inspiro-icons92ed.ttf]
[decorenterprise.com/images/overlay-pattern/gplay.html]
[decorenterprise.com/wp-content/themes/decor/images/triangle-divider-top.png]
[decorenterprise.com/images/overlay-pattern/3px-tile.html]
[decorenterprise.com/wp-content/themes/decor/images/arrow-curved.png]
[decorenterprise.com/images/overlay-pattern/asfalt-dark.html]
[decorenterprise.com/wp-content/plugins/chaty/images/whatsapp.png]
[decorenterprise.com/images/overlay-pattern/axiom-pattern.html]
[decorenterprise.com/wp-content/plugins/chaty/images/whatsapp-welcome-popup.png]
[decorenterprise.com/wp-content/plugins/nextgen-gallery/static/FontAwesome/webfonts/fa-brands-400.woff2]
[decorenterprise.com/wp-content/plugins/nextgen-gallery/static/FontAwesome/webfonts/fa-brands-400.ttf]
[decorenterprise.com/wp-content/plugins/nextgen-gallery/static/FontAwesome/webfonts/fa-regular-400.woff2]
